http://www.2mm.ru/starmama/449
http://www.3dgallery.ru/picture.htm?idp=1525
http://www.5ballov.ru/news/events/index.shtml?2005/12/27/50147
http://www.5ka.ru/54/28902/1.html
http://www.64.ru/old/2005/3/mar16.html
http://www.7ya.ru/news-arc.aspx?tid=0&y=2005&m=4
http://www.7ya.ru/pub/article.aspx?id=1062
http://www.7ya.ru/pub/article.aspx?id=1319
http://www.7ya.ru/pub/article.aspx?id=3716
http://www.7ya.ru/pub/psy/enurez.asp
http://www.agentura.ru/culture007/africa/
http://www.aktech.ru/index.php?go=Page&id=3&
http://www.aldebaran.ru/det/donc/donc6/?2
http://www.aldebaran.ru/det/konst/konst14/?5
http://www.aldebaran.ru/det/hmel/hmel17/?3
http://www.aldebaran.ru/det/petrov/petrov5/
http://abuse.edu.ioffe.ru/cluster/serialize
http://www.aquarium.ru/documents/interview/interv6.html
http://www.ar33.hotbox.ru/0399.htm
http://www.apr.ru/public/article15.jsp
http://alex.codis.ru/showid.php?id=169
http://all-china.msk.ru/
http://www.ark.ru/ins/zapoved/zapoved/lebedko.html
http://www.arba.ru/art/5/articles/2002164-2.html
http://allbest.ru/library/texts/adv/gp3/11.shtml
http://www.arba.ru/comment/3/articles/2002200-2.html
http://allbest.ru/library/texts/det/sim/sim4/4.shtml
http://alex.codis.ru/showid.php?id=254
http://alex.codis.ru/showid.php?id=69
http://www.armscontrol.ru/course/lectures03a/msv30401a.htm
http://allbest.ru/library/texts/fansy/rf/svrgn1/1.shtml
http://allbest.ru/library/texts/fansy/sapk/sapk7/34.shtml
http://angel.org.ru/1/evol1.html
http://www.astronet.ru/db/msg/1188904
http://www.asdk.ru/articles/trafik1.htm
http://anti.teneta.ru/2002/stihi/gb1022458557107293.html
http://www.ateism.ru/article.htm?no=1270
http://aquascope.ru/modules/wfsection/article.php?articleid=270
http://archives.maillist.ru/68889/298822.html
http://archives.maillist.ru/82453/356134.html
http://ariana.animag.ru/dlmansion/
http://archives.maillist.ru/InternetEarnings-/
http://agat.aorta.ru/24/240004.htm
http://assoneft.ru/press/press.html?id=94
http://astro.nm.ru/runem.html
http://www.arenda-kvartir.ru/news/realty/?id=1694
http://www.archipelag.ru/geoeconomics/osnovi/universe/people/?version=forprint
http://atlas.socpol.ru/portraits/chuv.shtml
http://www.ardashev.ru/services/princip.htm
http://www.ardor.ru/trainings/train02.php
http://autochel.ru/news/37.html
http://allbest.ru/library/texts/proza/ggm6/4.shtml
http://www.artfokus.ru/docs.php?doc=120
http://www.artinfo.ru/RU/news/main/OKA-19.htm
http://www.artinfo.ru/ru/news/main/ArtArchive/2000-1-08.htm
http://avia.lib.ru/bibl/1044/02.html
http://allpravo.ru/library/doc1972p0/instrum1973/item1979.html
http://allbest.ru/library/texts/tr/puso5/9.shtml
http://allrussia.ru/news/default.asp
http://anthropology.ru/ru/texts/seredkina/abstract.html
http://anthropology.ru/ru/texts/isakov/crime.html
http://archives.maillist.ru/27854/343708.html
http://archives.maillist.ru/32324/207880.html
http://archives.maillist.ru/49419/316295.html
http://archives.maillist.ru/49990/355802.html
http://archives.maillist.ru/59792/83811.html
http://archives.maillist.ru/59792/90811.html
http://archives.maillist.ru/25724/355758.html
http://archives.maillist.ru/36861/226023.html
http://archives.maillist.ru/63104/258742.html
http://www.awd.ru/boat.htm
http://art-gid.ru/unformat/485/
http://artyx.ru/books/item/f00/s00/z0000000/st041.shtml
http://ask.km.ru/nam/books/wounds/4.html
http://awomanuzbek.narod.ru/woman.html
http://avtomat2000.ru/fedulov.html
http://www.aldebaran.ru/det/wahl/wahl2/?11
http://www.aldebaran.ru/kid/krapiv/krapiv2/?5
http://www.aldebaran.ru/kid/lindg/lindg2/?3
http://www.aldebaran.ru/kid/rowlin/rowlin7/?2
http://www.aldebaran.ru/kid/nosov/nosov2/?5
http://www.aldebaran.ru/lov/jord/jord3/?4
http://www.aldebaran.ru/lov/kleypas/kleypas1/
http://www.aldebaran.ru/lov/kolin/kolin3/
http://www.aldebaran.ru/rproz/ulic/ulic9/
http://www.aldebaran.ru/rufan/archer/archer3/?14
http://www.aldebaran.ru/rufan/kalug/kalug15/
http://www.aldebaran.ru/rufan/kudr/kudr5/?11
http://www.aldebaran.ru/rufan/belyan/belyan15/?5
http://www.aldebaran.ru/rufan/sverg/sverg5/?11
http://www.aldebaran.ru/tri/bonan/bonan1/?13
http://www.aldebaran.ru/zfan/green/green3/?4
http://www.aldebaran.ru/zfan/harris/harris2/?8
http://www.aldebaran.ru/zfan/cook/cook14/?15
http://www.aldebaran.ru/zproz/garlend/garlend1/
http://www.aldebaran.ru/zproz/sussman/sussman1/?7
http://www.alebedev.ru/speeches/050316.htm
http://www.aldebaran.ru/zproz/sharp/sharp3/?2
http://www.aldebaran.ru/zproz/towns/towns5/?9
http://www.alexeymitrofanov.ru/press0031.html
http://www.allbest.ru/library/texts/fansy/brast9/8.shtml
http://www.allbest.ru/library/texts/fan/rf/antant2/3.shtml
http://www.allbest.ru/library/texts/kids/lker2/1.shtml
http://www.alllink.ru/newscateg78.html
http://www.aldebaran.ru/tri/hunter/hunter4/?15
http://www.aldebaran.ru/tri/fors/fors3/?6
http://www.amiro.ru/amiro.cms/articles/info/cms-vybrat-ili-razrabotat
http://www.aldebaran.ru/tri/klancy/klancy8/?4
http://www.aldebaran.ru/zfan/hein/hein8/?4
http://www.amursk.ru/az/05/0216/050216.htm
http://www.amursk.ru/az/05/0706/050706.htm
http://www.amursk.ru/az/05/1116/051116.htm
http://www.anekdot.ru/a/an0604/jxfsotwcprabek060410,10.html
http://www.anekdot.ru/an/0203/t020313.html
http://www.anekdot.ru/an/0603/o060307.html
http://www.aldebaran.ru/zproz/clav/clav3/?8
http://www.anekdot.ru/an/an0106/o010633;1.html
http://www.anekdot.ru/an/an0111/q011102.html
http://www.allbest.ru/library/texts/det/akun19/7.shtml
http://www.allbest.ru/library/texts/det/aleshn8/11.shtml
http://www.allbest.ru/library/texts/det/naal4/13.shtml
http://www.allbest.ru/library/texts/det/naal5/1.shtml
http://www.anekdot.ru/an/an0512/o051233;1.html
http://www.anekdot.ru/an/an0601/o060120;10,100.html
http://www.anekdot.ru/an/an0604/o060409.html
http://www.alti.ru/investor54.html
http://www.altshuller.ru/biography/story2.asp
http://www.anekdot.ru/a/an0509/t050904.html
http://www.anekdot.ru/a/an0601/o060127;10.html
http://www.anekdot.ru/an/an0401/t040116.html
http://www.anekdot.ru/d35.html
http://www.anekdot.ru/d81.html
http://www.antonchehov.org.ru/lib/sa/author/100004
http://www.a-z.ru/women/texts/puhovr.htm
http://www.advesti.ru/publish/brending/branding/
http://www.aea.ru/data/article7.htm
http://www.advertka.ru/articles/?id=73
http://www.aids.ru/whatnext/diz.shtml
http://www.aif.ru/conf/conf?id=83
http://www.aif.ru/conf/conf?id=41
http://www.aif.ru/conf/conf?id=68
http://www.airsoftgun.ru/faq/faq02.shtml
http://www.aldebaran.ru/det/donc/donc21/?4
http://www.aldebaran.ru/det/donc/donc22/?5
http://www.aldebaran.ru/det/donc/donc31/?15
http://www.ach.gov.ru/psp/in/33.php
http://www.badminton.ru/
http://badyk.ru/
http://balashov44.narod.ru/FILOS/Rosmir-2.htm
http://bagira.ru/organizations/cinemas/571/
http://bastion-m.by.ru/links.htm
http://www.ballet.classical.ru/archive/ballet92.html
http://www.baon.ru/quest.html
http://bd.fom.ru/report/cat/nation/oz02061904
http://belavangard.narod.ru/Belavangard/Psychedelic/Knyaz/tenyears.html
http://www.barrier.org.ru/text/creation/domoy.htm
http://www.bassboombang.ru/25things.php
http://www.bashakov.ru/stkv02.htm
http://www.bereg.ru/deti/xxx/name.shtml
http://www.bezop.boom.ru/glava06-3.htm
http://www.biograph.comstar.ru/bank/grishin.htm
http://www.blaj-matrona.orthodoxy.ru/sait/ugodniki/antonii24.htm
http://www.blogonline.ru/index.bml?auth=1&c1=5&c2=25
http://www.bookap.by.ru/clasik/freyddream/gl3.shtm
http://www.bookap.by.ru/gypno/strateg/gl31.shtm
http://www.bookap.by.ru/nlp/ct/gl31.shtm
http://www.bookap.by.ru/popular/burn/gl23.shtm
http://www.bookap.by.ru/popular/burn/gl44.shtm
http://www.bookap.by.ru/popular/angels/gl7.shtm
http://www.bookap.by.ru/trans/taiha/gl19.shtm
http://www.bookap.by.ru/popular/gamesplay/gl15.shtm
http://www.botik.ru/~robot/ru/13opin.htm
http://www.boyaring.lodya.ru/Story2.htm
http://www.biblicalstudies.ru/Lib/Father914/Boehme15.html
http://www.bytemag.ru/?ID=603266
http://www.blues.ru/zappazuhoi/17apr02.htm
http://www.bober.ru/books/olen.htm
http://www.bonistikaweb.ru/SEVKAVKO/1931-5.htm
http://www.booksite.ru/fulltext/ime/nav/olo/gzh/an/7.htm
http://www.booksite.ru/fulltext/pal/ama/rch/uk/1.htm
http://www.booksite.ru/fulltext/sol/vyc/heg/da/3.htm
http://www.bugtraq.ru/law/weekly/archive/0019.html
http://www.budyon.boom.ru/HF/013.htm
http://www.bulletin.memo.ru/b28/page86.html
http://beyond-divinity.by.ru/faq4.html
http://blagovestnik.ru/books/00130.htm
http://blagovestnik.kolomna.ru/cultura5.htm
http://brb.silverage.ru/zhslovo/si/nv/?id=5
http://brb.silverage.ru/zhslovo/psiho/raw/?r=st&id=1
http://bugtraq.ru/library/fiction/chaos3.html
http://bugtraq.ru/library/fiction/shustrik.html?k=9
http://blogs.mail.ru/mail/greytiger/
http://bo.bdc.ru/2003/7/statya.shtml
http://bluesystem.ru/articles/?aid=28
http://businessuchet.ru/content/doc-2326.html
http://www.cio-world.ru/offline/2005/41/234674/
http://www.citizenship.ru/
http://www.cofe.ru/apple/article.asp?heading=8&article=9602
http://www.cofe.ru/apple/article.asp?heading=3&article=9735
http://www.compromat.ru/main/voroshilov/komu.htm
http://www.computerra.ru/259144/?r1=yandex
http://www.crn.ru/?ID=446308
http://www.csr-nw.ru/content/news/default.asp?shmode=2&ids=2&ida=1201
http://www.crn.ru/?ID=274692
http://www.clickz.ru/cont/stat1.shtml?ac=v&book=3&page=1&id=35
http://www.ctc-tv.ru/club/starchat/Gurkova/interview.htm
http://www.cuctema.ru/awf/index.php?id=425
http://www.clio.orc.ru/jornal/hm-j-3.htm
http://www.compromat.ru/main/fradkov/alfa.htm
http://www.connect.ru/article.asp?id=2905
http://www.cre.miel.ru/lenta/detail/329/
http://www.creatiff.ru/read/article/372/
http://www.cprf.ru/forum/viewtopic.php?t=4086&postdays=0&postorder=asc&start=30&sid=56a61c6b7db7bc714f68e9ebadbd96dc
http://cnews.ru/reviews/articles/index.shtml?2005/04/07/176903
http://comet.sai.msu.ru/~alobanov/link/text/never.html
http://content.mail.ru/arch/11654/1070839.html
http://creationist.narod.ru/18.html
http://content.mail.ru/arch/18321/1061014.html
http://www.canon.ru/products/about.asp?id=1139
http://www.cbt.ru/public/gps/ag132.php
http://www.ccas.ru/manbios/nikolsk.html
http://www.cfin.ru/investor/venture-reports.shtml
http://www.cfin.ru/press/boss/2000-10/03.shtml
http://www.cfin.ru/press/management/1999-5/03.shtml
http://www.cgm.ru/content731.html
http://www.cgm.ru/content1067.html
http://www.cgm.ru/content1256.html
http://www.chassidus.ru/library/mishnah/megila/3.htm
http://www.chelyabinsk.ru/newsline/2005/08/?p=7
http://www.chat.ru/~croll4/a1.html
http://www.chesspro.ru/book/rc20.shtml
http://www.chgazeta.ru/number/717/3.shtml
http://www.chernousov.bestlawyers.ru/hron.html
http://www.chg.ru/Newspaper/277/article11.html
http://www.chronos.msu.ru/biographies/zenon.html
http://www.carnegie.ru/ru/print/73918-print.htm
http://www.carver.ru/issues/slopes/110/
http://www.cemi.rssi.ru/emm/abst36.htm
http://www.centant.pu.ru/aristeas/monogr/rudokvas/rud014.htm
http://www.chelglobus.ru/literature/workshop/tarasov.html
http://www.chukcha.ru/index.php?type=6&cat=151
http://www.cinema.vrn.ru/Clauses/loveactually.shtml
http://catalog.studentochka.ru/06695.html
http://center-tn.ru/news/2006/02/
http://cinema.newizv.ru/news/2006-04-05/42972/
http://citforum.ru/database/oracle/kyte/
http://caravan.hobby.ru/reports/Crimea99/crimea99-1.html
http://civilg8.ru/forum9march/5058.php
http://classic.chubrik.ru/Rachmaninov/about/Swans.html
http://www.darkside.ru/interviews/index.phtml?id=244
http://www.ddom.ru/school/sovet.html
http://www.debryansk.ru/~pvp/fhfaq/03NGHRVJ.html
http://www.danilova.ru/publication/other8.htm
http://www.delboca.ru/Antonella.htm
http://www.delo.tver.ru/esby/publikacii.html
http://www.diary.ru/~shannar/
http://www.disser.h10.ru/dis/anisin.html
http://dafist.hotbox.ru/fff.htm
http://www.dnevkino.ru/allfims/terminator3.html
http://demoscope.ru/weekly/2005/0225/analit03.php
http://denisbooks.lenin.ru/yatsutko/tochka/1.html
http://detali.ctc-tv.ru/airguide/2005-10-03.htm
http://diary.ru/~MordSit/
http://www.dotsite.spb.ru/Publications/Publication49.aspx
http://www.drivemc.ru/articles/choose/used2-01.htm
http://dirty.ru/comments/77045/
http://www.dropball.ru/news.php?type=127&id=1661
http://www.dvgu.ru/rus/fesu/info/lawsuit.phtm
http://www.diary.ru/~Lotty/
http://darkbrooder.fatal.ru/?page=31
http://www.dis.ru/market/arhiv/2001/4/2.html
http://www.dis.ru/market/arhiv/2002/2/10.html
http://www.doktor.ru/narko/ask/m.phtm?rubr=8.9&blok=0
http://www.doktor.ru/onkolog/10id.htm
http://www.doktor.ru/psycho/ASK/m.phtm?rubr=720&blok=392
http://www.doktor.ru/sexolog/ASK/0165.htm
http://www.doktor.ru/pi/ASK/10fd.htm
http://detskietovary.ru/article/600
http://dezins.chat.ru/toppage4.htm
http://dfo.og.ru/articles/2006/01/26/6342.shtml
http://dmbchat.ru/history/index.php?d=7&m=12&y=2004&h=10
http://www.dspa.narod.ru/
http://www.dubinushka.ru/template.php?pod2rID=92
http://www.dubna.ru/rastor/History/Toponyms.htm
http://dvd-shop.krav.ru/viewcategory.php?id=266&Page=2
http://ezonet.ru/reports.php?page=india.htm
http://www.explan.ru/archive/2000/07/index.htm
http://www.explan.ru/archive/2004/29/diary.htm
http://www.ezhe.ru/data/vgik/mav-about.html
http://www.ezhe.ru/ib/issue.html?438
http://www.echel.ru/news/?page=4&id=158
http://echo.msk.ru/guests/10913/
http://www.eavest.ru/neu/sob.htm
http://www.eco-pravda.km.ru/int/ma9j5.htm
http://www.eco-projects.ru/seps/docs/seps88/save.php
http://echo.msk.ru/programs/investor/40842/
http://www.elenakosilova.narod.ru/f/12.htm
http://www.electroshock.ru/guestbook/index.html
http://elena.romek.ru/learning/fuko09.htm
http://www.epochtimes.ru/content/view/92/18/
http://www.e-kniga.ru/Bulgakov/master7.html
http://www.epochtimes.ru/9comments
http://elnagual.ru/interviews/interview7-1.htm
http://www.erfolg.ru/m&w/life.htm
http://epizodsspace.testpilot.ru/bibl/chertok/kniga-3/4-2.html
http://www.e-kniga.ru/Iskander/sandro55.html
http://www.echo.msk.ru/doc/167.html
http://www.exler.ru/ezhe03/20-12-2005.htm
http://www.echo.msk.ru/programs/exit/36757/
http://echo.msk.ru/guests/4726/
http://ethnography.omskreg.ru/page.php?id=721
http://echo.msk.ru/interview/17926/
http://www.exler.ru/films/30-12-2002.htm
http://www.echo.msk.ru/programs/kazino/24287/
http://echo.msk.ru/guests/91/
http://www.edurss.ru/cgi-bin/db.pl?cp=&page=Book&id=7405&blang=ru&list=114
http://www.eepnews.ru/publication/m5509
http://www.efl.ru/forum/threads/252/
http://www.efl.ru/forum/threads/6394/
http://echo.msk.ru/programs/tv/42135/
http://ek-lit.agava.ru/anik012.htm
http://www.etur.ru/guide/china/
http://epizodsspace.testpilot.ru/bibl/kamanin/kniga1/07-63.html
http://www.exler.ru/reviews/01-07-03.htm
http://express.kirov.ru/forum/?action=showTopic&tid=1706
http://ezhe.ru/data/vgik/kg-9klass.html
http://ezhe.ru/ib/issue.html?444
http://www.fashion-world.ru/clothes/stone-secret/
http://federalmcart.ksu.ru/conference/seminar4/zolotareva.htm
http://www.feng-shui.ru/index.php?module=subjects&func=viewpage&pageid=184
http://www.fashionstyle.ru/forum/index.php?s=a3f746bcfed24874be8f82434b56f6e6&showtopic=124&view=getlastpost
http://www.fasi.gov.ru/news/press/460/
http://feng.shui.ru/blog.html
http://www.ferra.ru/online/soft/26334/
http://www.ferghana.ru/ancient/vostok.html
http://fishisland.ru/article827.html
http://filmz.ru/pub/1/
http://www.finansy.ru/tend/t011127.htm
http://forum.athlete.ru/index.php?s=d2d053c2d44e0d0bf007babb1d603df5&showtopic=3418&view=getlastpost
http://www.fishing.ru/Forum/008/2005/04/30235959
http://www.finugor.ru/info/vestnik/27.html
http://www.flb.ru/info/36794.html
http://www.fomacenter.ru/index.php?issue=1&section=88&article=1647
http://forum.ferghana.ru/viewtopic.php?t=4405&sid=f2da14b351a0a6cc1aeca1c30b899832
http://www.f1news.ru/Championship/2003/malaysia/press-saturday.shtml
http://forum.gotovim.ru/forum6/topic6917.shtml
http://www.freemasonry.ru/review.html
http://forum.gunblade.ru/topic1457s25.html
http://www.fsb.ru/history/autors/semichastny.html
http://forum.lgz.ru/viewtopic.php?t=24&postdays=0&postorder=asc&start=30&sid=184bc14bc3ff5e2081e1febdfa93afbb
http://forum.lgz.ru/viewtopic.php?t=2718
http://forum.lingvo.ru/actualthread.aspx?tid=15198&pg=-1
http://filosof.historic.ru/books/item/f00/s00/z0000610/st003.shtml
http://www.fegi.ru/PRIMORYE/HISTORY/rev5.htm
http://filosofia.ru/other/lobanov/novoya.shtml
http://finance.rol.ru/fh/economics00002/default.asp?nwsId=44211
http://www.film.ru/article.asp?id=4066
http://www.finam.ru/analysis/forecasts004A4/default.asp
http://forestforum.ru/phorum/viewtopic.php?t=1434
http://fortress.vif2.ru/biblio/yakovlev/12.htm
http://forum.ameno.ru/viewtopic.php?p=589&sid=0f1e9a3c7804a77c51145c033f1fe012
http://www.floranimal.ru/classes/5533.html
http://www.fmob.ru/b/viewtopic.php?t=998
http://www.fmradio.ru/oldguest57.html
http://www.fmradio.ru/wall/oldguest130.html
http://www.fmradio.ru/oldguest36.html
http://www.fmradio.ru/wall/oldguest97.html
http://www.forum.ozpp.ru/index-76.html
http://forum.ej.ru/index.php?a=showthread&threadID=58506&page=2
http://www.fos.ru/liter/table526.html
http://www.futurum-art.ru/interviews/gelman.php
http://forum.membrana.ru/forum/invent.html?parent=1051604280
http://forum.nanya.ru/index.php?showtopic=17359
http://forum.nanya.ru/index.php?showtopic=945
http://forum.ners.ru/viewtopic.php?p=20123&sid=fcaac107201ee4e979cb08add18898fa
http://forum.ncstu.ru/lofiversion/index.php/t515.html
http://forum.pravda.ru/lofiversion/index.php/t138.html
http://forum.odetta.ru/lofiversion/index.php/t334.html
http://forum.pravda.ru/lofiversion/index.php/t423.html
http://forum.pravda.ru/lofiversion/index.php/t734.html
http://forum.pravda.ru/lofiversion/index.php/t110-400.html
http://forum.pravda.ru/lofiversion/index.php/t840-400.html
http://forumklassika.ru/showthread.php?t=243
http://forums.ag.ru/?board=heroes&action=display&s=0&num=1138104515&start=775
http://forums.ag.ru/?board=mafia&action=display&num=1144245621
http://forums.hmn.ru/forums/index.php?action=vthread&forum=1&topic=2795
http://forums.hmn.ru/index.php?action=vthread&forum=2&topic=2633
http://forums.hmn.ru/index.php?action=vthread&topic=1855&forum=1&page=-1
http://forums.playground.ru/morrowind/82172/
http://forums.slashdot.ru/showthread.php?t=23131
http://www.galereya.ru/VCD-28-1/catalog.html
http://www.galereya.ru/vcd-10-1/catalog.html
http://www.gamechat.ru/archive/index.php/t-91.html
http://www.gamepost.ru/heads/help/esrb.asp
http://www.gazetangn.narod.ru/club1.html
http://www.gazetayakutia.ru/print.asp?id=30813-31&dates=25/3/2006
http://www.gazetayakutia.ru/read.asp?id=30027-22
http://www.gazetayuga.ru/archive/2003/34.htm
http://www.gazetayakutia.ru/read.asp?id=30258-12&dates=23/1/2004
http://www.geopoesia.ru/geo/prilozh/travelogs/USA-Mayak.shtml
http://www.germ-mania.narod.ru/record.htm
http://www.goldring.ru/index.php?date=2006-04-05%2000:00:00
http://www.goodman-steak.ru/?pid=77
http://www.gpntb.ru/win/inter-events/crimea2000/doc/tom1/777/Doc10.HTML
http://www.gpntb.ru/win/ntb/ntb96/11/fl06.html
http://www.grafitek.ru/forum/lectures/11.html
http://gazeta.etatar.ru/news/view/27/18120
http://www.guestbook.ru/?user=Segodnya&page=9&language=russian
http://www.guelman.ru/slava/kis/eliseev.htm
http://gazetazp.ru/cgi-bin/showissue.pl?n=2006/43&i=11
http://www.gelos.ru/sale/arhjournal/001526.shtml
http://gerchikov.narod.ru/YAW2fly/index4.htm
http://www.guitars.ru/05/info.php?z926
http://gopal.ru/Rasskaz/sosudjizni.htm
http://gov.kaliningrad.ru/index.php?action=previewnews&moment=day&dt=04.04.2006
http://www.gilbo.ru/index.php?page=psy&art=2458
http://www.gisa.ru/27944.html
http://www.glagol-online.ru/arc/online-pub/185/
http://www.gorodfm.ru/broadcast/broadcast.125/date.20050630/
http://groups.rambler.ru/groups/rambler.music.hard/5160078.8.html
http://www.gothic.ru/literature/amateur/prose/maxlife/orange.htm
http://www.gothic.ru/literature/classic/prose/gofman/trip.htm
http://groups.rambler.ru/groups/rambler.news.world/1606200.6.html
http://groups.rambler.ru/groups/rambler.sport.formula1/1373453.8.html
http://www.gothic.ru/literature/classic/prose/machen/pan.htm
http://groups.rambler.ru/groups/rambler.sport.formula1/1385016.html
http://www.greenpatrol.ru/KMNS/stenogramma.phtml
http://gazet.net.ru/article87728.html
http://www.gun.ru/oxota04.htm
http://godspeed.pochta.ru/article/lang1.html
http://groove.ru/?p=announce&id=2114
http://groups.rambler.ru/groups/rambler.dosug.horoscopes/1033130.1.html
http://grustno.hobby.ru/prose/danilov.htm
http://www.harbor.ru/bl/psiholog9.htm
http://www.helpix.ru/samsung/c100/opinion/0038.html
http://www.henneth-annun.ru/forum/showthread.php?s=7b0a9b52a1436adce0f66ba1970cd25d&threadid=3230&pagenumber=4
http://www.hl2.ru/comments/?1139995060
http://www.hrono.ru/biograf/kibalch.html
http://www.hse.ru/pressa2002/default.php?show=10438&selected=3240&PHPSESSID=57d7024a1bb8e044895c5ed72b
http://www.hty.ru/other.htm
http://www.humanities.edu.ru/db/msg/1584
http://www.hwp.ru/Forum/lofiversion/index.php/t829.html
http://home.udmnet.ru/teena/anekdots/erotic.html
http://www.hippy.ru/f10.htm
http://www.hrono.ru/text/2005/star0105.html
http://www.hrono.ru/text/ru/kovshova01.html
http://hh.ru/contents/publication.do?publicationRubrikId=44&publicationId=622
http://www.hymn.ru/soboleva-russian-national-symbols/
http://hsewe.ucoz.ru/forum/7-11-2
http://hugo.cool.ru/books/?coma
http://humanities.edu.ru/db/msg/25860
http://humorok.by.ru/pikantnie.html
http://www.ibk.ru/forum/showjournal.php?action=friend&s=a91f4d1115c66d8d7ecaa8c179a9d442&journalid=10983
http://www.ibusiness.ru/print/report/255249/
http://www.ice-grupp.ru/tm/daikin/
http://www.ibk.ru/forum/showjournal.php?journalid=47
http://idefence.hotbox.ru/Stories/mumm03.html
http://www.ibtour.ru/news.htm
http://iemag.ru/?ID=509883
http://www.icqsale.ru/new.php?11
http://www.icss.ac.ru/forum/messages.html?thread=235
http://info.auto.vl.ru/adventures/travel/7328/
http://www.ihnravi.ru/issues/321/
http://www.ihst.ru/projects/sohist/memory/sakhmem/2-14.htm
http://www.igromania.ru/games/?Myst4+sol
http://info.trud.ru/trud.php?id=200604010570703
http://www.iki.rssi.ru/annual/2000/22.htm
http://info.forest.ru/rew05/rew0538.htm
http://www.ijp.ru/show/pr.php?failn=03201100392
http://informpskov.ru/reviews/24951.html
http://www.in.msk.ru/rus/biblioteka/art/brd-blag.shtml
http://www.inauka.ru/blogs/article57590.html
http://infovisor.ivanovo.ru/rus/doc/book05/book05.htm
http://www.impression.ru/egypt/history-pyramid/history-pyramid-100.html
http://www.improvement.ru/3katalog.shtm
http://iriney.vinchi.ru/sects/sientol/news022.htm
http://iskran.ru/russ/works99/davidov.html
http://www.india.ru/impres/stories/travel/110116.shtml
http://www.indem.ru/IDD2000/conf/4/after/vinyukov.htm
http://itaka.stv.ru/book/05/?216
http://www.indigenous.ru/russian/RABull6.htm
http://www.inme.ru/texts/text4-2.html
http://www.infousa.ru/society/portrait/ch3.htm
http://www.infousa.ru/society/suzanne.htm
http://itaka.stv.ru/info/?Screenplan
http://www.inno.ru/news/index.php?id=1204&ee3
http://www.inop.ru/reading/page68/
http://www.inosmi.ru/issues/549.html
http://www.interda.ru/secrets/Default.asp?page=40
http://www.ieras.ru/journal/journal4.2000/2.htm
http://www.iet.ru/guest/corruption.htm
http://www.intermoda.ru/private.phtm?cat=28&id=3750
http://www.ie.boom.ru/Book/Chapter5.htm
http://immican.chat.ru/guide3.htm
http://imperium.lenin.ru/LENIN/9/deichmann/fikret.html
http://www.igh.ru/conf/tesis2/repina.html
http://imereb.by.ru/games/realigroman.htm
http://www.igpi.ru/info/people/bruter/1143095232.html
http://www.intuit.ru/department/security/secopen/9/2.html
http://www.ipolitics.ru/data/900.htm
http://www.ilibrary.ru/text/1336/p.32/index.html
http://www.ilibrary.ru/text/44/p.5/index.html
http://www.ilibrary.ru/text/69/p.23/index.html
http://www.irk.ru/news/2006/03/
http://intellect.forumup.ru/viewtopic.php?t=28&mforum=intellect
http://internet-law.ru/info/humour/fns4.htm
http://www.ilibrary.ru/text/64/p.26/index.html
http://www.ilibrary.ru/text/69/p.4/index.html
http://iomas.vsau.ru/dosug/humor/htm/zoo.shtm
http://www.infolex.ru/Farut.htm
http://itugarinov.chat.ru/forum2.html
http://www.intalev.ru/?id=700
http://www.intelgame.ru/doc/536.htm
http://www.ip-online.ru/complain/2006/03/14/
http://www.islam.ru/hutba/mart/
http://www.iss.niiit.ru/70/art-115.htm
http://www.it-daily.ru/?ID=202031
http://www.it2b.ru/it2b2.view3.page233.html
http://www.ital-obuv.ru/libraryi/sovpok.html
http://www.izdateli.ru/publ.php?id=4
http://www.ivlim.ru/ecom/library/showarticle.asp?id=292
http://jane.progressor.ru/grishka/grigry.htm
http://jesuschrist.ru/bible/?b=24&c=32
http://journal.spbu.ru/2004/18/4.shtml
http://www.jabber.ru/chatlogs/devel@conference.jabber.ru/2006/03/31.html
http://www.japon.ru/?ForumView&ID=3463
http://www.justmedia.ru/special/index.php?id=13
http://www.jk.ru/jk0405.htm
http://kaliningrad.rfn.ru/region/rnews.html?id=10031&tid=283&rid=323
http://kak-ya.ru/fif/posts
http://kinocenter.rsuh.ru/SmithDogma.htm
http://klein.zen.ru/archive/txt/granicy.htm
http://khodorkovsky.ru/media/4763.html
http://ki-moscow.narod.ru/litra/dzen101.htm
http://knoppix.ru/160604.shtml
http://knoppix.ru/medialinux.shtml
http://knoppix.ru/090503.shtml
http://knowledge.isras.ru/sj/sj/95-3-15.html
http://www.kuraev.ru/h1022.html
http://www.kurorttuapse.ru/nature/animal.htm
http://komiinform.ru/index.php?menu=todayl
http://kompromat.flb.ru/material.phtml?id=8352
http://kompromat.flb.ru/material1.phtml?id=755
http://kornilov-s-a.ru/mamt-2.htm
http://kprf.ru/forum/viewtopic.php?t=9059&postdays=0&postorder=asc&start=90&sid=93394eb66d815a811463e549a552dfc4
http://kurilka.citforum.ru/data/classic/starik.html
http://www.kalyagin.ru/me/
http://www.kasparov.ru/material.php?id=442020965DDEA
http://www.karelin.ru/?id=65
http://www.kenras-sibir.ru/allnews0904.shtml
http://www.kehila.ru/article/?52
http://www.khodorkovsky.ru/speech/3973.html
http://www.kinoart.ru/magazine/10-2005/publivations1005/denev1005/denev1005-2/
http://www.kinoexpert.ru/index.asp?comm=12&kw=49
http://www.kinoart.ru/magazine/04-2004/experience/norstein0404/
http://www.kinomost.ru/index.asp?case=18&num=1125
http://kurilka.citforum.ru/data/pnp/home.html
http://www.kinozapiski.ru/article/145/
http://kurilka.citforum.ru/data/misc/stories/ring.html
http://www.km.ru/magazin/view.asp?id=EF7E38841EE54CF7BCF0BF63AD09C227
http://www.knigoboz.ru/news/news2874.html
http://www.kommersant.ru/doc.html?docId=617683
http://www.konkurent.ru/list-rubrica.php?tem=243&action=text-tema&indiv=4936
http://www.kazakh.ru/talk/mmess.phtml?idt=297&page=2
http://www.kp.ru/daily/23686.3/51670/
http://www.kpe.ru/press/mera/85/58/
http://www.kp.ru/daily/23669/50638/
http://www.krasland.ru/lib/index.php?id=show&aid=399
http://www.kpe.ru/press/mera/120/451/
http://www.kreakratia.ru/page.asp?m=1985&id=2036
http://www.kinoafisha.ru/index.php3?id1=2392&status=13
http://www.kinoafisha.ru/index.php3?id1=3007&status=13
http://www.kinoart.ru/file/theory/02-02-20/
http://www.klassika.ru/cgi-bin/read.pl?text=proza/karamzin/liza.txt
http://www.kp.ru/daily/23563.3/43318/
http://www.kp.ru/daily/23571.4/43928/
http://www.kp.ru/daily/23649/49292/print/
http://www.krugosvet.ru/articles/102/1010208/print.htm
http://www.krugtver.ru/interview.shtml
http://www.ksp.msk.ru/TEXTS/chesn.html
http://www.ksu.ru/persons/filatov/fr2000/fr6.htm
http://lib.ru/PXESY/TURRINI/turrini.txt
http://lib.ru/RUFANT/KATERLI/53-22.txt
http://lib.ru/RUFANT/PUHOW/22-19.txt
http://lib.ru/SOCFANT/CHAPEK/chapek22.txt
http://lik.altnet.ru/Arhiv/likb13.files/lik4.htm
http://likhachev.lfond.spb.ru/Articles/kre.htm
http://www.lazarev.ru/otvet26.html
http://lib.ru/RUFANT/VERSHININ/tomorrow.txt
http://lib.ru/ZHITINSKIJ/chasy.txt
http://liber.ursus.msk.ru/texts.php?bookid=7&page=5
http://litcafe.ru/archives/583.html
http://larirom.hobi.ru/gb.html
http://law.rambler.ru/library/norubs/18494/index.html
http://leash.ru/swg-new.php
http://lenta.ru/articles/2005/05/24/fcs/
http://lib.babr.ru/index.php?book=1312
http://lib.babr.ru/index.php?book=1327
http://lib.babr.ru/index.php?book=17
http://lib.babr.ru/index.php?book=28
http://lib.rin.ru/doc/i/169652p.html
http://lenta.ru/articles/2005/11/26/rada/
http://leonid-sveta.tyunet.ru/new4.php
http://lib.ru/DETEKTIWY/FLEMING/lady.txt
http://lib.ru/EMIGRATION/china2.txt
http://lib.ru/INOFANT/GRIMO/sunless.txt
http://lib.ru/INOFANT/YANG/glotok.txt
http://www.left.ru/ukazatel02.html
http://www.lesprom.ru/news/new.php3?id=23190
http://www.legprominfo.ru/zur/sp/3-2004/06.html
http://www.lenpravda.ru/reading1.phtml?id=1047
http://www.levin.rinet.ru/FRIENDS/BYTOV/osvoboditeli/shaherezada.html
http://www.levin.rinet.ru/FRIENDS/USYSKIN/Platie.html
http://lokodnuxa.by.ru/reports/20060110/rep.shtm
http://lostfilm.ru/season2.html
http://lleo.aha.ru/dnevnik/2003-07-25.shtml
http://www.libertarium.ru/libertarium/humanact502
http://www.library.tver.ru/~klushina/klushina-09.htm
http://www.lingvoda.ru/forum/actualthread.aspx?tid=862&pg=2
http://www.litera.ru/slova/kubersky/silvia.html
http://www.litera.ru/slova/sapsade/dances.html
http://lib.ru/KSP/ado.txt
http://www.litera.ru/slova/luzina/lubov.html
http://www.lito.ru/rprint.php?id=6991
http://www.lito.ru/sbornik/1300
http://www.lito.ru/sbornik/248
http://www.lito.ru/rprint.php?id=14038
http://www.lgo.ru/tema32-04.htm
http://www.lito.ru/text/1043
http://www.lito.ru/text/11108
http://www.lito.ru/sbornik/1004
http://lovemix.ru/archive/index.php/t-1074.html
http://lovemix.ru/archive/index.php/t-1397.html
http://www.lib.molod.ru/GARRISON/edem4.txt
http://www.litportal.ru/genre16/author10/read/page/0/book1656.html
http://www.lito.ru/text/13842
http://lsl.ksu.ru/gender/page6.htm
http://ltalk.ru/meditation/8-986-belyi-dom-1-3-read.shtml
http://lovemix.ru/archive/index.php/t-2323.html
http://www.litportal.ru/genre19/author1018/read/page/0/book8397.html
http://luchnik.by.ru/umor6.htm
http://www.litportal.ru/genre33/author682/read/page/0/book4043.html
http://www.live-radio.ru/report/index.shtml
http://www.litwomen.ru/autogr9.html
http://www.lubernet.ru/id/143/
http://www.litera.ru/slova/empire/Sm1/emp09.html
http://www.lito.ru/text/4340
http://www.lito.ru/text/5113
http://www.litportal.ru/genre35/author12/read/page/0/book9578.html
http://www.litportal.ru/genre35/author26/read/page/0/book3992.html
http://www.litportal.ru/genre36/author572/read/page/0/book3590.html
http://www.loveyou.ru/forum/read.php3?f=5&i=84665&t=84665
http://www.loretta.ru/?journal
http://www.marketing.spb.ru/lib-comm/positioning.htm
http://www.marketer.ru/articles/advertising?from=10
http://militera.lib.ru/h/fedorov/01.html
http://www.moskvam.ru/2001/06/sannik.htm
http://www.moskvam.ru/2004/03/rybakova.htm
http://www.mosnet.ru/news/2/32/
http://www.msses.ru/shanin/narod.html
http://www.msuee.ru/science/Voc%20OND/SLOVA/15.htm
http://militera.lib.ru/memo/other/cherwinsky/04.html
http://www.materik.ru/index.php?section=analitics&bulid=47&bulsectionid=3672
http://www.materik.ru/index.php?section=tv&id=3
http://www.mastercue.ru/index.php?id=4
http://militera.lib.ru/memo/russian/popel1/05.html
http://www.materik.ru/index.php?section=analitics&bulid=76&bulsectionid=6451
http://www.med2000.ru/detsk/detsk19.htm
http://www.medialaw.ru/publications/books/tele1/4.html
http://militera.lib.ru/research/beevor2/26.html
http://militera.lib.ru/research/bezymensky3/14.html
http://militera.lib.ru/research/padfield/27.html
http://militera.lib.ru/research/bunich1/10.html
http://militera.lib.ru/science/mahan1/03.html
http://www.membrana.ru/forum/invent.html?parent=1048228979
http://militera.lib.ru/science/mahan2/03.html
http://www.memo.ru/hr/hotpoints/N-Caucas/vedeno/ved0101.htm
http://www.memo.ru/hr/hotpoints/caucas1/msg/2006/01/m52196.htm
http://mmportal.0bb.ru/index.php?s=6ab8db427885aa5cc79be0bff5565654&showtopic=38&view=new
http://www.mhg.ru/publications/4D61FAF
http://www.mhg.ru/history/14D9A9D
http://www.mironov.ru/Articles/18189.html
http://musculatura.narod.ru/retro/advices.html
http://www.matvey.ru/lubeh/news.php
http://mylady.mybb.ru/viewtopic.php?pid=2465
http://mymaika.ru/catalog.php?id=137
http://www.mj-project.ru/stuff/stuff-hikeintro.html
http://my.arcto.ru/public/vtor/vtor11.htm
http://www.mma.ru/event/id8333?sid=648de9ee34eadc53f23515b1fe083a87
http://www.mmk-mission.ru/antropconf/2002lomidze.html
http://militera.lib.ru/prose/russian/astafyev3/23.html
http://www.mn.ru/issue.php?2003-40-62
http://www.medigo.ru/index.php?cstart=2&do=cat&category=games
http://www.mnr.gov.ru/part/?act=more&id=399&pid=625
http://www.mn.ru/issue.php?2004-49-50
http://www.mno.ru/life/5.php
http://mir.voskres.ru/mirbo06/a10.html
http://www.mesi.ru/forum/?action=vthread&forum=3&topic=46&page=1
http://moneyempire.ru/
http://www.mezhdunarodnik.ru/magazin/372.html
http://mtgtmn.chat.ru/article22022001.html
http://www.mk.ru/numbers/2045/article70152.htm
http://www.mk.ru/numbers/2097/content.asp
http://www.mk.ru/person/articles/article31107.htm
http://www.mk.ru/numbers/1434/article45574.htm
http://www.mk.ru/numbers/2089/article71806.htm
http://magazine.sharereactor.ru/2005-02/page14.php
http://magazines.russ.ru/arion/1998/3/chupr-pr.html
http://magazines.russ.ru/bereg/2004/4/aa16.html
http://magazines.russ.ru/druzhba/2004/11/ry7.html
http://magazines.russ.ru/druzhba/site/history/ann.htm
http://magazines.russ.ru/km/2003/3/barabtablo.html
http://magazines.russ.ru/nlo/2005/75/bo9.html
http://magazines.russ.ru/nrk/2001/3/magun.html
http://magazines.russ.ru/nz/2003/4/new-pr.html
http://magazines.russ.ru/nz/2001/4/usp-pr.html
http://magazines.russ.ru/october/2000/9/prish.html
http://magazines.russ.ru/october/2000/6/ilina.html
http://magazines.russ.ru/vestnik/2002/4/is1.html
http://magazines.russ.ru/vestnik/2001/3/st.html
http://magazines.russ.ru/neva/2004/12/nei17.html
http://magazines.russ.ru/neva/2004/4/hei12.html
http://magazines.russ.ru/znamia/2006/2/do8.html
http://magazines.russ.ru/neva/2004/7/nik13.html
http://magazines.russ.ru/znamia/2003/10/vishnev.html
http://magazines.russ.ru/neva/2005/10/ia9.html
http://magazines.russ.ru/znamia/2004/12/razd.html
http://magazines.russ.ru/neva/2005/12/vi21.html
http://www.ma-ma.ru/ru/library/article/31989.php
http://www.ma-ma.ru/ru/library/article/17285.php
http://www.magister.msk.ru/library/philos/fedorov/fedor095.htm
http://magazines.russ.ru/october/2002/2/gav-pr.html
http://www.malevskycup.ru/index.shtml
http://www.malikov.ru/guest.htm
http://www.maltavista.ru/library/article/9/
http://www.mama.ru/club/bstory/2784/101368/
http://www.manga.ru/scenario/view.php?id=745
http://magazines.russ.ru/vestnik/2005/15/go15.html
http://magazines.russ.ru/voplit/2000/6/melih.html
http://magazines.russ.ru/voplit/2004/5/ci10.html
http://magazines.russ.ru/zvezda/2003/2/belom.html
http://magazines.russ.ru/zvezda/2001/2/niva.html
http://www.molnia.absolut-tlt.ru/anekdot/
http://mastertalk.ru/lofiversion/index.php/t3251.html
http://matveev.samara.ru/nauka16.html
http://massmedia.msu.ru/newspaper/newspaper/4042/all/newsw.htm
http://mastertalk.ru/lofiversion/index.php/t670.html
http://www.mp3lv.ru/music/%D1%81/532
http://www.magister.msk.ru/library/sf/swira009.htm
http://www.mailinfo.ru/topic02/01/03/2803270
http://www.magister.msk.ru/library/tolstoy/wp/wp15.htm
http://www.magister.msk.ru/library/trotsky/trotm480.htm
http://microsofta.net.ru/132
http://meta.math.spbu.ru/~igor/thesis/node21.html
http://metodolog.ru/00021/00021.html
http://www.museum.ru/N22796
http://www.n-t.ru/nl/fz/lorentz.htm
http://www.n-t.ru/tp/nr/vn.htm
http://noo.ru/?Main/RealitySynthesis/SkyFi/10
http://www.nag.ru/goodies/book/2ch6-4.html
http://www.nationalsecurity.ru/mailing/mailing45.htm
http://news.ntv.ru/61437/
http://news.ntv.ru/ctheme/202/
http://news.ntv.ru/theme/2810/
http://www.neuros.ru/g/qa/6.php
http://www.nevod.ru/nevod/staff/sae/2001/holidays.html
http://www.newcontinent.ru/original/kalka.htm
http://www.nanya.ru/opit/8128
http://www.nanya.ru/opit/9581
http://www.nanya.ru/opit/9678
http://www.nanya.ru/opit/9142
http://www.nkj.ru/archive/articles/2874/
http://www.nixp.ru/niro/overhalf
http://www.nobf.ru/buls/02/08/1.html
http://www.noev-kovcheg.ru/article.asp?n=51&a=1
http://www.neoyoga.ru/texts/
http://www.novopol.ru/article172.html
http://www.novpol.ru/index.php?id=449
http://www.npar.ru/journal/2004/1/vrubel.php
http://www.npf-consult.ru/index.html?r=2
http://www.newizv.ru/news/2004-09-01/10515/
http://www.nht-team.ru/?page=2
http://www.nigru.ru/docs/class/661.html
http://www.nsk.yabloko.ru/press/index.phtml?id=239
http://nature.web.ru/db/msg.html?mid=1197366&uri=2.html
http://nature.web.ru/db/msg.html?mid=1187395
http://names-of-love.ru/text.php?id=204&PHPSESSID=b3fa5b15bf62fb92903e8f29a54b3ab5
http://neuronet.alo.ru/theoryGa.html
http://nepom.ru/interest/?page=197&raz=
http://www.ntvplus.ru/forum-user-messages?id=SpeedLogic
http://www.ntvplus.ru/forum-user-messages?id=VlaFil
http://www.nv.vspb.ru/cgi-bin/pl/nv.pl?art=224176484
http://www.ntagil.ru/?m=gov&sh=events&num=4
http://www.ntvplus.ru/forum-user-messages?id=toza
http://www.nz-online.ru/index.phtml?aid=25011213
http://new.hist.asu.ru/biblio/gon1/268-290.html
http://newcontinent.ru/lenia/2velikana.htm
http://newlit.ru/~maryhin/000578.htm
http://news.rin.ru/news/56928/
http://newsspb.ru/allnews/276436/
http://newwoman.ru/esherman4.html
http://newwoman.ru/proza14.html
http://offline.business-magazine.ru/oldbusiness/257392/
http://offline.computerra.ru/1998/248/1354/
http://old.russ.ru/antolog/1991/kovler.htm
http://onix.opennet.ru/content/view/14/26/
http://online.izvestia.ru/archive.pl?fl=a&id=177
http://online.izvestia.ru/archive.pl?fl=a&id=194
http://omt.library.tver.ru/omt-040.htm
http://orel.rsl.ru/nettext/russian/strelzova/liter2rk/liter3.htm
http://orsn.rambler.ru/content/articles/5/17541/
http://offline.computerra.ru/2004/540/33386/
http://offline.computerra.ru/2005/588/38723/
http://old.russ.ru/krug/20010115.html
http://opentextnn.ru/history/familisarchives/konkurs/letters/?id=845
http://oper.ru/torture/read.php?t=975946803
http://www.ogl.ru/read/1021975096.html
http://www.opensource.ru/jump-message.jsp?msgid=143577&lastmod=1011365424000&back=group.jsp%3Fgroup%3D4%26offset%3D690
http://www.ort.spb.ru/nesh/tradpes.htm
http://www.osp.ru/cio/2004/04/020.htm
http://www.orthomama.ru/text/?cat=33&text=156
http://www.osp.ru/cw/2000/32/000.htm
http://www.ostu.ru/media/215-220.html
http://www.o-kaliningrade.ru/kgd/city-9.html
http://www.odkk.ru/lib/kapli29.html
http://www.orakul.ru/ups/ups.htm?4
http://www.osp.ru/pcworld/2000/11/024.htm
http://www.osp.ru/publish/2004/10/050.htm
http://www.osp.ru/os/2004/06/063.htm
http://www.osp.ru/pcworld/2005/03/020.htm
http://www.owl.ru/morits/proz/miracle08.htm
http://www.owl.ru/win/pecin/ch4-l.htm
http://www.ozon.ru/context/detail/id/200929/
http://parent.fio.ru/news.php?n=32702&c=308
http://party-games.zaural.ru/sbornik/games10.html
http://pascal.tsu.ru/other/xkb/internals.html
http://pda.utro.ru/articles/2005/03/05/414407.shtml
http://pfo.og.ru/articles/2006/03/30/9042.shtml
http://pi.zen.ru/arhiv/2003/020/krotov.shtml
http://www.passeka.ru/html.shtml
http://www.passion.ru/hor/body/sandglass.htm
http://www.passion.ru/ny.php/vr/741/
http://www.passion.ru/lovestory/green.htm
